Found ages: ['28weeks']
Processing age: 28weeks (/scratch/users/msbazzi/CANN/Batch_size/CANN/Growing_IVC/data/28weeks)
[INFO] Parsed /scratch/users/msbazzi/CANN/Batch_size/CANN/Growing_IVC/data/28weeks/Dodge_fl140.csv for Dodge (fl, lvl=140) → N=171
[INFO] Parsed /scratch/users/msbazzi/CANN/Batch_size/CANN/Growing_IVC/data/28weeks/Dodge_pd100.csv for Dodge (pd, lvl=100) → N=343
[INFO] Parsed /scratch/users/msbazzi/CANN/Batch_size/CANN/Growing_IVC/data/28weeks/Dodge_pd105.csv for Dodge (pd, lvl=105) → N=504
[INFO] Parsed /scratch/users/msbazzi/CANN/Batch_size/CANN/Growing_IVC/data/28weeks/Dodge_fl100.csv for Dodge (fl, lvl=100) → N=383
[INFO] Parsed /scratch/users/msbazzi/CANN/Batch_size/CANN/Growing_IVC/data/28weeks/Dodge_pd95.csv for Dodge (pd, lvl=95) → N=473
[INFO] Parsed /scratch/users/msbazzi/CANN/Batch_size/CANN/Growing_IVC/data/28weeks/Dodge_fl10.csv for Dodge (fl, lvl=10) → N=398
[INFO] Parsed /scratch/users/msbazzi/CANN/Batch_size/CANN/Growing_IVC/data/28weeks/Dodge_fl60.csv for Dodge (fl, lvl=60) → N=375
[AUG] After augmentation: Nθ=900  Nz=1071
[STRATEGY] Using DefaultStrategy (GPUs: 0)
==> 28weeks: joint training (Pd+Fl): Nθ=900  Nz=1071
[joint] epoch 1  loss=705.85440  (θ=225.64456, z=494.68314)  lr=2.000e-03
[joint] epoch 2  loss=671.32869  (θ=213.89452, z=471.36690)  lr=2.000e-03
[joint] epoch 3  loss=630.43145  (θ=199.96720, z=443.65634)  lr=2.000e-03
[joint] epoch 4  loss=581.30216  (θ=183.08275, z=410.55108)  lr=2.000e-03
[joint] epoch 5  loss=524.36794  (θ=163.47672, z=372.23123)  lr=2.000e-03
[joint] epoch 20  loss=43.98215  (θ=17.02308, z=26.87352)  lr=2.000e-03
[joint] epoch 40  loss=41.00559  (θ=18.11745, z=22.34631)  lr=2.000e-03
[joint] epoch 60  loss=39.54998  (θ=18.16084, z=20.72871)  lr=2.000e-03
[joint] epoch 80  loss=38.79036  (θ=18.38527, z=19.65077)  lr=2.000e-03
[joint] epoch 100  loss=38.41648  (θ=18.47783, z=19.14571)  lr=2.000e-03
[joint] epoch 120  loss=38.24269  (θ=18.47559, z=18.96816)  lr=2.000e-03
[joint] epoch 140  loss=38.19217  (θ=18.43996, z=18.96211)  lr=2.000e-03
[joint] early stop at epoch 153 (best=38.19205)  lr=2.000e-03
[WEIGHTS] Saved readable weights to:
  - /scratch/users/msbazzi/CANN/Batch_size/out_bs/bs_128/28weeks/Psi_weights.txt
  - /scratch/users/msbazzi/CANN/Batch_size/out_bs/bs_128/28weeks/Psi_mixer_features.csv
[FORM]    Saved suggested Ψ form to:
  - /scratch/users/msbazzi/CANN/Batch_size/out_bs/bs_128/28weeks/Psi_suggested.txt
[DONE] Saved to /scratch/users/msbazzi/CANN/Batch_size/out_bs/bs_128/28weeks
