Found ages: ['28weeks']
Processing age: 28weeks (/scratch/users/msbazzi/CANN/Learning_rate/CANN/Growing_IVC/data/28weeks)
[INFO] Parsed /scratch/users/msbazzi/CANN/Learning_rate/CANN/Growing_IVC/data/28weeks/Dodge_fl60.csv for Dodge (fl, lvl=60) → N=375
[INFO] Parsed /scratch/users/msbazzi/CANN/Learning_rate/CANN/Growing_IVC/data/28weeks/Dodge_pd105.csv for Dodge (pd, lvl=105) → N=504
[INFO] Parsed /scratch/users/msbazzi/CANN/Learning_rate/CANN/Growing_IVC/data/28weeks/Dodge_fl100.csv for Dodge (fl, lvl=100) → N=383
[INFO] Parsed /scratch/users/msbazzi/CANN/Learning_rate/CANN/Growing_IVC/data/28weeks/Dodge_pd95.csv for Dodge (pd, lvl=95) → N=473
[INFO] Parsed /scratch/users/msbazzi/CANN/Learning_rate/CANN/Growing_IVC/data/28weeks/Dodge_fl140.csv for Dodge (fl, lvl=140) → N=171
[INFO] Parsed /scratch/users/msbazzi/CANN/Learning_rate/CANN/Growing_IVC/data/28weeks/Dodge_fl10.csv for Dodge (fl, lvl=10) → N=398
[INFO] Parsed /scratch/users/msbazzi/CANN/Learning_rate/CANN/Growing_IVC/data/28weeks/Dodge_pd100.csv for Dodge (pd, lvl=100) → N=343
[AUG] After augmentation: Nθ=900  Nz=1071
[STRATEGY] Using DefaultStrategy (GPUs: 0)
==> 28weeks: joint training (Pd+Fl): Nθ=900  Nz=1071
[joint] epoch 1  loss=674.63177  (θ=211.72154, z=468.97237)  lr=2.000e-03
[joint] epoch 2  loss=569.26405  (θ=175.44537, z=399.41608)  lr=2.000e-03
[joint] epoch 3  loss=433.97270  (θ=130.10875, z=308.75358)  lr=2.000e-03
[joint] epoch 4  loss=288.01236  (θ=85.52940, z=205.94902)  lr=2.000e-03
[joint] epoch 5  loss=169.55954  (θ=60.95690, z=109.01636)  lr=2.000e-03
[joint] epoch 20  loss=41.43409  (θ=18.15300, z=22.78186)  lr=2.000e-03
[joint] epoch 40  loss=39.17436  (θ=19.19026, z=19.15480)  lr=2.000e-03
[joint] epoch 60  loss=38.23673  (θ=18.77841, z=18.62393)  lr=2.000e-03
[joint] epoch 80  loss=37.63255  (θ=18.60863, z=18.16252)  lr=2.000e-03
[joint] epoch 100  loss=37.30099  (θ=18.54672, z=17.87248)  lr=2.000e-03
[joint] epoch 120  loss=37.21622  (θ=18.47322, z=17.86468)  lr=2.000e-03
[joint] epoch 140  loss=37.20800  (θ=18.45561, z=17.87682)  lr=2.000e-03
[joint] early stop at epoch 154 (best=37.20788)  lr=2.000e-03
[WEIGHTS] Saved readable weights to:
  - /scratch/users/msbazzi/CANN/Learning_rate/out_lr/lr_2e-3/28weeks/Psi_weights.txt
  - /scratch/users/msbazzi/CANN/Learning_rate/out_lr/lr_2e-3/28weeks/Psi_mixer_features.csv
[FORM]    Saved suggested Ψ form to:
  - /scratch/users/msbazzi/CANN/Learning_rate/out_lr/lr_2e-3/28weeks/Psi_suggested.txt
[DONE] Saved to /scratch/users/msbazzi/CANN/Learning_rate/out_lr/lr_2e-3/28weeks
